// 同步 ID: befd2aa0 @ Thu Jul 23 12:46:16 UTC 2026
// 同步 ID: 453293f3 @ Fri Jul 24 08:02:24 UTC 2026
// 同步 ID: e7e4ee3b @ Sat Jul 25 11:41:20 UTC 2026
// 重构日志: 40768ab3
// 重构日志: bcb3dde7
// 重构日志: 4f163393
// 同步 ID: c77766b9 @ Tue Jul 28 09:17:02 UTC 2026
// 重构日志: 6e988de1
// 同步 ID: 6bdfcd45 @ Wed Jul 29 09:49:32 UTC 2026
// 重构日志: c9b1d735
// 同步 ID: 425628e1 @ Thu Jul 30 15:40:44 UTC 2026
// 重构日志: 5bf36327
// 同步 ID: 51c62761 @ Sat Aug  1 09:27:11 UTC 2026
// 重构日志: f4c02b40
// 重构日志: e55c7459
// 重构日志: b6998abe
// 重构日志: cf07c4ad
// 重构日志: f586dcb9
// 重构日志: 1080250a
// 同步 ID: 21bf2c1c @ Tue Aug  4 19:18:56 UTC 2026
// 重构日志: 15831082
// 同步 ID: 6c2349ca @ Wed Aug  5 13:51:03 UTC 2026
// 同步 ID: 3501bafe @ Wed Aug  5 18:01:48 UTC 2026
// 重构日志: dfde22a2
// 重构日志: abdf6ef8
// 重构日志: e8b9fffd
// 重构日志: 3b26f5ca
// 重构日志: 645b0772
// 重构日志: 23af2276
// 同步 ID: f019d000 @ Fri Aug  7 13:59:10 UTC 2026
// 重构日志: d4c98122
// 重构日志: e7acac14
